// Jest Snapshot v1, https://jestjs.io/docs/snapshot-testing

exports[`Page Home renders without crashing 1`] = `
<DocumentFragment>
  <div>
    <h1>
      Home
    </h1>
    <div
      data-testid="helloWorld"
    />
    <img
      alt="logo"
      class="logo"
      src="logo.svg"
    />
    <svg
      width="40"
    >
      logo.svg
    </svg>
    <h3>
      Build Time Env Vars:
    </h3>
    <div
      class="envVarsContainer"
    >
      <div
        class="envVar"
      >
        <div
          class="envVarName"
        >
          IS_DEV:
        </div>
        <div
          class="envVarValue"
        >
          false
        </div>
      </div>
      <div
        style="display: flex; flex-direction: row; gap: 10px;"
      >
        <div
          class="envVarName"
        >
          IS_PROD:
        </div>
        <div
          class="envVarValue"
        >
          true
        </div>
      </div>
    </div>
    <h3>
      Runtime Env Vars:
    </h3>
    <div
      class="envVarsContainer"
    >
      <div
        class="envVar"
      >
        <div
          class="envVarName"
        >
          NODE_ENV:
        </div>
        <div
          class="envVarValue"
        >
          test
        </div>
      </div>
      <div
        class="envVar"
      >
        <div
          class="envVarName"
        >
          REACT_APP_MY_VAR:
        </div>
        <div
          class="envVarValue"
        />
      </div>
    </div>
  </div>
</DocumentFragment>
`;
