// Jest Snapshot v1, https://goo.gl/fbAQLP

exports[`Component HelloWorld renders without crashing 1`] = `
<DocumentFragment>
  <div>
    <div
      class="hello-world"
    >
      Hello World!!!
    </div>
    <img
      alt="logo"
      class="logo"
      src="logo.svg"
    />
    <svg
      width="40"
    >
      logo.svg
    </svg>
  </div>
</DocumentFragment>
`;
