// Jest Snapshot v1, https://goo.gl/fbAQLP

exports[`Component Routes when called renders without crashing 1`] = `
<DocumentFragment>
  <div>
    <h1>
      Home
    </h1>
    <div
      class="hello-world"
    >
      Hello World!
    </div>
    <img
      alt="logo"
      class="logo"
      src="logo.svg"
    />
    <svg
      width="40"
    >
      logo.svg
    </svg>
    <h3>
      Env Vars
    </h3>
    <div>
      IS_DEV: 
      <span
        style="font-weight: bold;"
      >
        false
      </span>
    </div>
    <div>
      IS_PROD: 
      <span
        style="font-weight: bold;"
      >
        true
      </span>
    </div>
    <div>
      PUBLIC_URL: 
      <span
        style="font-weight: bold;"
      />
    </div>
    <h4>
      Custom React App Env Vars
    </h4>
    <div>
      Buildtime: REACT_APP_MY_ENVVAR: 
      <span
        style="font-weight: bold;"
      />
    </div>
    <div>
      Runtime: REACT_APP_MY_ENVVAR: 
      <span
        style="font-weight: bold;"
      />
    </div>
  </div>
</DocumentFragment>
`;
